------------------------------------------------------------
Timing Analyzer Summary
------------------------------------------------------------

Type  : Slow 1100mV 85C Model Setup 'clk'
Slack : -6.744
TNS   : -1330.269

Type  : Slow 1100mV 85C Model Hold 'clk'
Slack : 0.226
TNS   : 0.000

Type  : Slow 1100mV 85C Model Minimum Pulse Width 'clk'
Slack : -4.555
TNS   : -1457.776

Type  : Slow 1100mV 0C Model Setup 'clk'
Slack : -6.872
TNS   : -1329.138

Type  : Slow 1100mV 0C Model Hold 'clk'
Slack : 0.348
TNS   : 0.000

Type  : Slow 1100mV 0C Model Minimum Pulse Width 'clk'
Slack : -4.555
TNS   : -1454.113

Type  : Fast 1100mV 85C Model Setup 'clk'
Slack : -2.219
TNS   : -310.959

Type  : Fast 1100mV 85C Model Hold 'clk'
Slack : 0.143
TNS   : 0.000

Type  : Fast 1100mV 85C Model Minimum Pulse Width 'clk'
Slack : -2.636
TNS   : -640.237

Type  : Fast 1100mV 0C Model Setup 'clk'
Slack : -1.953
TNS   : -256.958

Type  : Fast 1100mV 0C Model Hold 'clk'
Slack : 0.151
TNS   : 0.000

Type  : Fast 1100mV 0C Model Minimum Pulse Width 'clk'
Slack : -2.636
TNS   : -641.938

------------------------------------------------------------
