------------------------------------------------------------
Timing Analyzer Summary
------------------------------------------------------------

Type  : Slow 1100mV 85C Model Setup 'clk'
Slack : -6.907
TNS   : -1379.067

Type  : Slow 1100mV 85C Model Hold 'clk'
Slack : 0.226
TNS   : 0.000

Type  : Slow 1100mV 85C Model Minimum Pulse Width 'clk'
Slack : -4.555
TNS   : -1449.640

Type  : Slow 1100mV 0C Model Setup 'clk'
Slack : -7.072
TNS   : -1374.009

Type  : Slow 1100mV 0C Model Hold 'clk'
Slack : 0.365
TNS   : 0.000

Type  : Slow 1100mV 0C Model Minimum Pulse Width 'clk'
Slack : -4.555
TNS   : -1448.088

Type  : Fast 1100mV 85C Model Setup 'clk'
Slack : -2.288
TNS   : -338.742

Type  : Fast 1100mV 85C Model Hold 'clk'
Slack : 0.141
TNS   : 0.000

Type  : Fast 1100mV 85C Model Minimum Pulse Width 'clk'
Slack : -2.636
TNS   : -640.263

Type  : Fast 1100mV 0C Model Setup 'clk'
Slack : -2.048
TNS   : -285.298

Type  : Fast 1100mV 0C Model Hold 'clk'
Slack : 0.150
TNS   : 0.000

Type  : Fast 1100mV 0C Model Minimum Pulse Width 'clk'
Slack : -2.636
TNS   : -641.647

------------------------------------------------------------
