------------------------------------------------------------
Timing Analyzer Summary
------------------------------------------------------------

Type  : Slow 1100mV 85C Model Setup 'clk'
Slack : -8.801
TNS   : -1952.795

Type  : Slow 1100mV 85C Model Hold 'clk'
Slack : 0.235
TNS   : 0.000

Type  : Slow 1100mV 85C Model Minimum Pulse Width 'clk'
Slack : -4.555
TNS   : -1289.622

Type  : Slow 1100mV 0C Model Setup 'clk'
Slack : -9.060
TNS   : -1938.578

Type  : Slow 1100mV 0C Model Hold 'clk'
Slack : 0.295
TNS   : 0.000

Type  : Slow 1100mV 0C Model Minimum Pulse Width 'clk'
Slack : -4.555
TNS   : -1279.467

Type  : Fast 1100mV 85C Model Setup 'clk'
Slack : -3.210
TNS   : -552.738

Type  : Fast 1100mV 85C Model Hold 'clk'
Slack : 0.142
TNS   : 0.000

Type  : Fast 1100mV 85C Model Minimum Pulse Width 'clk'
Slack : -2.636
TNS   : -529.155

Type  : Fast 1100mV 0C Model Setup 'clk'
Slack : -2.824
TNS   : -462.384

Type  : Fast 1100mV 0C Model Hold 'clk'
Slack : 0.128
TNS   : 0.000

Type  : Fast 1100mV 0C Model Minimum Pulse Width 'clk'
Slack : -2.636
TNS   : -530.904

------------------------------------------------------------
